../Core/Src/main.c:112:6:HAL_TIM_IC_CaptureCallback	24	static
../Core/Src/main.c:134:6:HCSR04_TRIG_DWT_init	4	static
../Core/Src/main.c:141:6:HCSR04_TRIG_DWTDelay_us	24	static
../Core/Src/main.c:147:6:HCSR04_trigger_pulse	8	static
../Core/Src/main.c:156:10:SERVO_set_angle	24	static
../Core/Src/main.c:163:9:SERVO_map_distance_to_angle	16	static
../Core/Src/main.c:170:10:SERVO_calculate_pulse_width	16	static
../Core/Src/main.c:175:6:UART_print_distance	24	static
../Core/Src/main.c:181:6:UART_print_average	24	static
../Core/Src/main.c:188:10:PID	152	static
../Core/Src/main.c:229:5:main	24	static
../Core/Src/main.c:302:6:SystemClock_Config	88	static
../Core/Src/main.c:349:13:MX_TIM3_Init	48	static
../Core/Src/main.c:407:13:MX_TIM4_Init	64	static
../Core/Src/main.c:466:13:MX_USART2_UART_Init	8	static
../Core/Src/main.c:499:13:MX_GPIO_Init	40	static
../Core/Src/main.c:540:6:Error_Handler	4	static,ignoring_inline_asm
