../Core/Src/main.c:100:6:HAL_TIM_IC_CaptureCallback	24	static
../Core/Src/main.c:122:6:HCSR04_TRIG_DWT_init	4	static
../Core/Src/main.c:129:6:HCSR04_TRIG_DWTDelay_us	24	static
../Core/Src/main.c:135:6:HCSR04_trigger_pulse	8	static
../Core/Src/main.c:144:10:SERVO_set_angle	24	static
../Core/Src/main.c:151:9:SERVO_map_distance_to_angle	16	static
../Core/Src/main.c:158:10:SERVO_calculate_pulse_width	16	static
../Core/Src/main.c:163:6:UART_print_distance	24	static
../Core/Src/main.c:169:6:UART_print_average	24	static
../Core/Src/main.c:182:5:main	24	static
../Core/Src/main.c:268:6:SystemClock_Config	88	static
../Core/Src/main.c:315:13:MX_TIM3_Init	48	static
../Core/Src/main.c:373:13:MX_TIM4_Init	64	static
../Core/Src/main.c:432:13:MX_USART2_UART_Init	8	static
../Core/Src/main.c:465:13:MX_GPIO_Init	40	static
../Core/Src/main.c:506:6:Error_Handler	4	static,ignoring_inline_asm
